============================= test session starts =============================
platform win32 -- Python 3.14.0, pytest-9.0.2, pluggy-1.6.0 -- C:\Python314\python.exe
cachedir: .pytest_cache
rootdir: C:\Users\BIT\vigil\vigil\tests
configfile: pytest.ini
plugins: anyio-3.7.1, langsmith-0.7.22, asyncio-1.3.0, cov-7.0.0
asyncio: mode=Mode.AUTO, debug=False, asyncio_default_fixture_loop_scope=None, asyncio_default_test_loop_scope=function
collecting ... collected 0 items / 1 error

=================================== ERRORS ====================================
_______________ ERROR collecting test_detection_rule_service.py _______________
ImportError while importing test module 'C:\Users\BIT\vigil\vigil\tests\test_detection_rule_service.py'.
Hint: make sure your test modules/packages have valid Python names.
Traceback:
..\..\AppData\Roaming\Python\Python314\site-packages\_pytest\python.py:507: in importtestmodule
    mod = import_path(
..\..\AppData\Roaming\Python\Python314\site-packages\_pytest\pathlib.py:587: in import_path
    importlib.import_module(module_name)
C:\Python314\Lib\importlib\__init__.py:88: in import_module
    return _bootstrap._gcd_import(name[level:], package, level)
           ^^^^^^^^^^^^^^^^^^^^^^^^^^^^^^^^^^^^^^^^^^^^^^^^^^^^
<frozen importlib._bootstrap>:1398: in _gcd_import
    ???
<frozen importlib._bootstrap>:1371: in _find_and_load
    ???
<frozen importlib._bootstrap>:1342: in _find_and_load_unlocked
    ???
<frozen importlib._bootstrap>:938: in _load_unlocked
    ???
..\..\AppData\Roaming\Python\Python314\site-packages\_pytest\assertion\rewrite.py:197: in exec_module
    exec(co, module.__dict__)
tests\test_detection_rule_service.py:4: in <module>
    from backend.services.detection_rule_service import DetectionRuleService
backend\services\detection_rule_service.py:8: in <module>
    from services.llm_gateway import get_llm_gateway
services\llm_gateway.py:18: in <module>
    from arq import create_pool
E   ModuleNotFoundError: No module named 'arq'
=========================== short test summary info ===========================
ERROR tests\test_detection_rule_service.py
!!!!!!!!!!!!!!!!!!! Interrupted: 1 error during collection !!!!!!!!!!!!!!!!!!!!
============================== 1 error in 1.91s ===============================
